[youtube] Extracting URL: https://www.youtube.com/watch?v=-RpKmWinepc
[youtube] -RpKmWinepc: Downloading webpage
[youtube] -RpKmWinepc: Downloading android vr player API JSON
[youtube] -RpKmWinepc: Downloading web embedded client config
[youtube] -RpKmWinepc: Downloading player 445213fb-main
[youtube] -RpKmWinepc: Downloading web embedded player API JSON
[youtube] [jsc:deno] Solving JS challenges using deno
[youtube] -RpKmWinepc: Downloading m3u8 information
[info] -RpKmWinepc: Downloading 1 format(s): 95
[hlsnative] Downloading m3u8 manifest
[hlsnative] Total fragments: 5
[download] Destination: media/-RpKmWinepc.mp4
[download] Download completed
[FixupM3u8] Fixing MPEG-TS in MP4 container of "media/-RpKmWinepc.mp4"
[youtube] Extracting URL: https://www.youtube.com/watch?v=XULuszhiKBg
[youtube] XULuszhiKBg: Downloading webpage
[youtube] XULuszhiKBg: Downloading android vr player API JSON
[youtube] XULuszhiKBg: Downloading web embedded client config
[youtube] XULuszhiKBg: Downloading player 445213fb-main
[youtube] XULuszhiKBg: Downloading web embedded player API JSON
[youtube] [jsc:deno] Solving JS challenges using deno
[youtube] XULuszhiKBg: Downloading m3u8 information
[info] XULuszhiKBg: Downloading 1 format(s): 95
[hlsnative] Downloading m3u8 manifest
[hlsnative] Total fragments: 6
[download] Destination: media/XULuszhiKBg.mp4
[download] Download completed
[FixupM3u8] Fixing MPEG-TS in MP4 container of "media/XULuszhiKBg.mp4"
[youtube] Extracting URL: https://www.youtube.com/watch?v=71vLK9KyRhQ
[youtube] 71vLK9KyRhQ: Downloading webpage
[youtube] 71vLK9KyRhQ: Downloading android vr player API JSON
[youtube] 71vLK9KyRhQ: Downloading web embedded client config
[youtube] 71vLK9KyRhQ: Downloading player 445213fb-main
[youtube] 71vLK9KyRhQ: Downloading web embedded player API JSON
[youtube] [jsc:deno] Solving JS challenges using deno
[youtube] 71vLK9KyRhQ: Downloading m3u8 information
[info] 71vLK9KyRhQ: Downloading 1 format(s): 95
[hlsnative] Downloading m3u8 manifest
[hlsnative] Total fragments: 7
[download] Destination: media/71vLK9KyRhQ.mp4
[download] Download completed
[FixupM3u8] Fixing MPEG-TS in MP4 container of "media/71vLK9KyRhQ.mp4"
[youtube] Extracting URL: https://www.youtube.com/watch?v=tC7vI9EloD8
[youtube] tC7vI9EloD8: Downloading webpage
[youtube] tC7vI9EloD8: Downloading android vr player API JSON
[youtube] tC7vI9EloD8: Downloading web embedded client config
[youtube] tC7vI9EloD8: Downloading player 445213fb-main
[youtube] tC7vI9EloD8: Downloading web embedded player API JSON
[youtube] [jsc:deno] Solving JS challenges using deno
[youtube] tC7vI9EloD8: Downloading m3u8 information
[info] tC7vI9EloD8: Downloading 1 format(s): 95
[hlsnative] Downloading m3u8 manifest
[hlsnative] Total fragments: 13
[download] Destination: media/tC7vI9EloD8.mp4
[download] Download completed
[FixupM3u8] Fixing MPEG-TS in MP4 container of "media/tC7vI9EloD8.mp4"
[youtube] Extracting URL: https://www.youtube.com/watch?v=_kikDCbDu2w
[youtube] _kikDCbDu2w: Downloading webpage
[youtube] _kikDCbDu2w: Downloading android vr player API JSON
[youtube] _kikDCbDu2w: Downloading web embedded client config
[youtube] _kikDCbDu2w: Downloading player 445213fb-main
[youtube] _kikDCbDu2w: Downloading web embedded player API JSON
[youtube] [jsc:deno] Solving JS challenges using deno
[youtube] _kikDCbDu2w: Downloading m3u8 information
[info] _kikDCbDu2w: Downloading 1 format(s): 95
[hlsnative] Downloading m3u8 manifest
[hlsnative] Total fragments: 7
[download] Destination: media/_kikDCbDu2w.mp4
[download] Download completed
[FixupM3u8] Fixing MPEG-TS in MP4 container of "media/_kikDCbDu2w.mp4"
[youtube] Extracting URL: https://www.youtube.com/watch?v=Zry5UMmmmbY
[youtube] Zry5UMmmmbY: Downloading webpage
[youtube] Zry5UMmmmbY: Downloading android vr player API JSON
[youtube] Zry5UMmmmbY: Downloading web embedded client config
[youtube] Zry5UMmmmbY: Downloading player 445213fb-main
[youtube] Zry5UMmmmbY: Downloading web embedded player API JSON
[youtube] [jsc:deno] Solving JS challenges using deno
[youtube] Zry5UMmmmbY: Downloading m3u8 information
[info] Zry5UMmmmbY: Downloading 1 format(s): 95
[hlsnative] Downloading m3u8 manifest
[hlsnative] Total fragments: 5
[download] Destination: media/Zry5UMmmmbY.mp4
[download] Download completed
[FixupM3u8] Fixing MPEG-TS in MP4 container of "media/Zry5UMmmmbY.mp4"
[youtube] Extracting URL: https://www.youtube.com/watch?v=fBMVJosrvnM
[youtube] fBMVJosrvnM: Downloading webpage
[youtube] fBMVJosrvnM: Downloading android vr player API JSON
[youtube] fBMVJosrvnM: Downloading web embedded client config
[youtube] fBMVJosrvnM: Downloading player 445213fb-main
[youtube] fBMVJosrvnM: Downloading web embedded player API JSON
[youtube] [jsc:deno] Solving JS challenges using deno
[youtube] fBMVJosrvnM: Downloading m3u8 information
[info] fBMVJosrvnM: Downloading 1 format(s): 95
[hlsnative] Downloading m3u8 manifest
[hlsnative] Total fragments: 4
[download] Destination: media/fBMVJosrvnM.mp4
[download] Download completed
[FixupM3u8] Fixing MPEG-TS in MP4 container of "media/fBMVJosrvnM.mp4"
[youtube] Extracting URL: https://www.youtube.com/watch?v=Cg6wx-lnZJM
[youtube] Cg6wx-lnZJM: Downloading webpage
[youtube] Cg6wx-lnZJM: Downloading android vr player API JSON
[youtube] Cg6wx-lnZJM: Downloading web embedded client config
[youtube] Cg6wx-lnZJM: Downloading player 445213fb-main
[youtube] Cg6wx-lnZJM: Downloading web embedded player API JSON
[youtube] [jsc:deno] Solving JS challenges using deno
[youtube] Cg6wx-lnZJM: Downloading m3u8 information
[info] Cg6wx-lnZJM: Downloading 1 format(s): 95
[hlsnative] Downloading m3u8 manifest
[hlsnative] Total fragments: 5
[download] Destination: media/Cg6wx-lnZJM.mp4
[download] Download completed
[FixupM3u8] Fixing MPEG-TS in MP4 container of "media/Cg6wx-lnZJM.mp4"
[youtube] Extracting URL: https://www.youtube.com/watch?v=70xg3iMfgyM
[youtube] 70xg3iMfgyM: Downloading webpage
[youtube] 70xg3iMfgyM: Downloading android vr player API JSON
[youtube] 70xg3iMfgyM: Downloading web embedded client config
[youtube] 70xg3iMfgyM: Downloading player 445213fb-main
[youtube] 70xg3iMfgyM: Downloading web embedded player API JSON
[youtube] [jsc:deno] Solving JS challenges using deno
[youtube] 70xg3iMfgyM: Downloading m3u8 information
[info] 70xg3iMfgyM: Downloading 1 format(s): 95
[hlsnative] Downloading m3u8 manifest
[hlsnative] Total fragments: 5
[download] Destination: media/70xg3iMfgyM.mp4
[download] Download completed
[FixupM3u8] Fixing MPEG-TS in MP4 container of "media/70xg3iMfgyM.mp4"
[youtube] Extracting URL: https://www.youtube.com/watch?v=1JMQacUDfwY
[youtube] 1JMQacUDfwY: Downloading webpage
[youtube] 1JMQacUDfwY: Downloading android vr player API JSON
[youtube] 1JMQacUDfwY: Downloading web embedded client config
[youtube] 1JMQacUDfwY: Downloading player 445213fb-main
[youtube] 1JMQacUDfwY: Downloading web embedded player API JSON
[youtube] [jsc:deno] Solving JS challenges using deno
[youtube] 1JMQacUDfwY: Downloading m3u8 information
[info] 1JMQacUDfwY: Downloading 1 format(s): 95
[hlsnative] Downloading m3u8 manifest
[hlsnative] Total fragments: 11
[download] Destination: media/1JMQacUDfwY.mp4
[download] Download completed
[FixupM3u8] Fixing MPEG-TS in MP4 container of "media/1JMQacUDfwY.mp4"
[youtube] Extracting URL: https://www.youtube.com/watch?v=Og_48ZGY_ng
[youtube] Og_48ZGY_ng: Downloading webpage
[youtube] Og_48ZGY_ng: Downloading android vr player API JSON
[youtube] Og_48ZGY_ng: Downloading web embedded client config
[youtube] Og_48ZGY_ng: Downloading player 445213fb-main
[youtube] Og_48ZGY_ng: Downloading web embedded player API JSON
[youtube] [jsc:deno] Solving JS challenges using deno
[youtube] Og_48ZGY_ng: Downloading m3u8 information
[info] Og_48ZGY_ng: Downloading 1 format(s): 95
[hlsnative] Downloading m3u8 manifest
[hlsnative] Total fragments: 5
[download] Destination: media/Og_48ZGY_ng.mp4
[download] Download completed
[FixupM3u8] Fixing MPEG-TS in MP4 container of "media/Og_48ZGY_ng.mp4"
[youtube] Extracting URL: https://www.youtube.com/watch?v=brRGmF5Px6I
[youtube] brRGmF5Px6I: Downloading webpage
[youtube] brRGmF5Px6I: Downloading android vr player API JSON
[youtube] brRGmF5Px6I: Downloading web embedded client config
[youtube] brRGmF5Px6I: Downloading player 445213fb-main
[youtube] brRGmF5Px6I: Downloading web embedded player API JSON
[youtube] [jsc:deno] Solving JS challenges using deno
[youtube] brRGmF5Px6I: Downloading m3u8 information
[info] brRGmF5Px6I: Downloading 1 format(s): 95
[hlsnative] Downloading m3u8 manifest
[hlsnative] Total fragments: 46
[download] Destination: media/brRGmF5Px6I.mp4
[download] Download completed
[FixupM3u8] Fixing MPEG-TS in MP4 container of "media/brRGmF5Px6I.mp4"
